<?xml version="1.0" encoding="utf-8"?><testsuites name="pytest tests"><testsuite name="pytest" errors="0" failures="0" skipped="0" tests="291" time="109.151" timestamp="2026-06-15T20:43:41.670601-05:00" hostname="PrakashRaj"><testcase classname="tests.test_ai_trust.TestWeightConfig" name="test_weights_sum_to_one" time="0.111" /><testcase classname="tests.test_ai_trust.TestWeightConfig" name="test_all_weights_positive" time="0.001" /><testcase classname="tests.test_ai_trust.TestWeightConfig" name="test_expected_weight_keys" time="0.001" /><testcase classname="tests.test_ai_trust.TestRetrievalConfidence" name="test_high_similarity_scores" time="0.021" /><testcase classname="tests.test_ai_trust.TestRetrievalConfidence" name="test_low_similarity_scores" time="0.003" /><testcase classname="tests.test_ai_trust.TestRetrievalConfidence" name="test_perfect_scores" time="0.003" /><testcase classname="tests.test_ai_trust.TestRetrievalConfidence" name="test_empty_scores" time="0.003" /><testcase classname="tests.test_ai_trust.TestRetrievalConfidence" name="test_single_score" time="0.003" /><testcase classname="tests.test_ai_trust.TestRetrievalConfidence" name="test_clamped_to_range" time="0.003" /><testcase classname="tests.test_ai_trust.TestRetrievalConfidence" name="test_mixed_scores" time="0.002" /><testcase classname="tests.test_ai_trust.TestHallucinationProbability" name="test_grounded_answer" time="0.003" /><testcase classname="tests.test_ai_trust.TestHallucinationProbability" name="test_fabricated_answer" time="0.002" /><testcase classname="tests.test_ai_trust.TestHallucinationProbability" name="test_empty_answer" time="0.005" /><testcase classname="tests.test_ai_trust.TestHallucinationProbability" name="test_empty_sources" time="0.003" /><testcase classname="tests.test_ai_trust.TestHallucinationProbability" name="test_both_empty" time="0.003" /><testcase classname="tests.test_ai_trust.TestHallucinationProbability" name="test_score_in_range" time="0.004" /><testcase classname="tests.test_ai_trust.TestModelAgreement" name="test_identical_responses" time="0.002" /><testcase classname="tests.test_ai_trust.TestModelAgreement" name="test_completely_different_responses" time="0.003" /><testcase classname="tests.test_ai_trust.TestModelAgreement" name="test_partial_overlap" time="0.002" /><testcase classname="tests.test_ai_trust.TestModelAgreement" name="test_no_secondary_answer" time="0.002" /><testcase classname="tests.test_ai_trust.TestModelAgreement" name="test_empty_primary" time="0.002" /><testcase classname="tests.test_ai_trust.TestModelAgreement" name="test_both_empty" time="0.002" /><testcase classname="tests.test_ai_trust.TestCitationQuality" name="test_well_cited_answer" time="0.003" /><testcase classname="tests.test_ai_trust.TestCitationQuality" name="test_single_citation" time="0.003" /><testcase classname="tests.test_ai_trust.TestCitationQuality" name="test_no_citations" time="0.003" /><testcase classname="tests.test_ai_trust.TestCitationQuality" name="test_empty_answer" time="0.003" /><testcase classname="tests.test_ai_trust.TestCitationQuality" name="test_page_reference" time="0.002" /><testcase classname="tests.test_ai_trust.TestCitationQuality" name="test_regulation_reference" time="0.003" /><testcase classname="tests.test_ai_trust.TestCitationQuality" name="test_multiple_citation_types" time="0.003" /><testcase classname="tests.test_ai_trust.TestCitationQuality" name="test_banking_acronym_citations" time="0.003" /><testcase classname="tests.test_ai_trust.TestPromptReliability" name="test_default_for_new_system" time="0.006" /><testcase classname="tests.test_ai_trust.TestPromptReliability" name="test_returns_float" time="0.003" /><testcase classname="tests.test_ai_trust.TestFullScore" name="test_basic_scoring" time="1.498" /><testcase classname="tests.test_ai_trust.TestFullScore" name="test_score_in_range" time="1.112" /><testcase classname="tests.test_ai_trust.TestFullScore" name="test_all_components_present" time="1.024" /><testcase classname="tests.test_ai_trust.TestFullScore" name="test_tier_classification_high" time="1.072" /><testcase classname="tests.test_ai_trust.TestFullScore" name="test_tier_classification_low" time="1.076" /><testcase classname="tests.test_ai_trust.TestFullScore" name="test_score_stored_in_db" time="10.243" /><testcase classname="tests.test_ai_trust.TestFullScore" name="test_empty_sources" time="0.009" /><testcase classname="tests.test_ai_trust.TestFullScore" name="test_empty_answer" time="0.010" /><testcase classname="tests.test_ai_trust.TestScoreHistory" name="test_history_returns_list" time="0.005" /><testcase classname="tests.test_ai_trust.TestScoreHistory" name="test_history_entry_structure" time="1.096" /><testcase classname="tests.test_ai_trust.TestScoreHistory" name="test_history_filtered_by_session" time="1.129" /><testcase classname="tests.test_ai_trust.TestScoreHistory" name="test_history_limit" time="0.005" /><testcase classname="tests.test_customer_context.TestCustomerProfile" name="test_valid_customer" time="0.012" /><testcase classname="tests.test_customer_context.TestCustomerProfile" name="test_phase2_fields" time="0.008" /><testcase classname="tests.test_customer_context.TestCustomerProfile" name="test_invalid_customer" time="0.006" /><testcase classname="tests.test_customer_context.TestTransactions" name="test_last_n_transactions" time="0.013" /><testcase classname="tests.test_customer_context.TestTransactions" name="test_default_n" time="0.012" /><testcase classname="tests.test_customer_context.TestTransactions" name="test_invalid_customer" time="0.008" /><testcase classname="tests.test_customer_context.TestSentimentTrend" name="test_valid_customer" time="0.010" /><testcase classname="tests.test_customer_context.TestSentimentTrend" name="test_invalid_customer" time="0.005" /><testcase classname="tests.test_customer_context.TestTrustScore" name="test_valid_customer" time="0.011" /><testcase classname="tests.test_customer_context.TestTrustScore" name="test_components" time="0.010" /><testcase classname="tests.test_customer_context.TestTrustScore" name="test_invalid_customer" time="0.005" /><testcase classname="tests.test_customer_context.TestSupportTickets" name="test_valid_customer" time="0.009" /><testcase classname="tests.test_customer_context.TestSupportTickets" name="test_invalid_customer" time="0.004" /><testcase classname="tests.test_customer_context.TestFraudHistory" name="test_valid_customer" time="0.007" /><testcase classname="tests.test_customer_context.TestFraudHistory" name="test_invalid_customer" time="0.003" /><testcase classname="tests.test_customer_context.TestFullContext" name="test_valid_customer" time="3.289" /><testcase classname="tests.test_customer_context.TestFullContext" name="test_invalid_customer" time="0.004" /><testcase classname="tests.test_feedback_loop.TestAIFeedbackStore" name="test_store_feedback" time="0.007" /><testcase classname="tests.test_feedback_loop.TestAIFeedbackStore" name="test_store_rejection_with_correction" time="0.009" /><testcase classname="tests.test_feedback_loop.TestAIFeedbackStore" name="test_get_all_feedback" time="0.057" /><testcase classname="tests.test_feedback_loop.TestAIFeedbackStore" name="test_get_feedback_by_type" time="0.051" /><testcase classname="tests.test_feedback_loop.TestAIFeedbackStore" name="test_get_feedback_by_model" time="0.062" /><testcase classname="tests.test_feedback_loop.TestAIFeedbackStore" name="test_get_feedback_by_template" time="0.051" /><testcase classname="tests.test_feedback_loop.TestAIFeedbackStore" name="test_get_rejection_count" time="0.060" /><testcase classname="tests.test_feedback_loop.TestAIFeedbackStore" name="test_get_total_count" time="0.059" /><testcase classname="tests.test_feedback_loop.TestAIFeedbackStore" name="test_get_corrections" time="0.055" /><testcase classname="tests.test_feedback_loop.TestFeedbackAnalyzer" name="test_weekly_report_structure" time="0.058" /><testcase classname="tests.test_feedback_loop.TestFeedbackAnalyzer" name="test_overall_rates" time="0.059" /><testcase classname="tests.test_feedback_loop.TestFeedbackAnalyzer" name="test_model_breakdown" time="0.058" /><testcase classname="tests.test_feedback_loop.TestFeedbackAnalyzer" name="test_template_breakdown" time="0.061" /><testcase classname="tests.test_feedback_loop.TestFeedbackAnalyzer" name="test_alert_threshold_detection" time="0.063" /><testcase classname="tests.test_feedback_loop.TestFeedbackAnalyzer" name="test_alert_severity" time="0.071" /><testcase classname="tests.test_feedback_loop.TestFeedbackAnalyzer" name="test_trust_score_correlation" time="0.073" /><testcase classname="tests.test_feedback_loop.TestFeedbackAnalyzer" name="test_empty_report" time="0.026" /><testcase classname="tests.test_feedback_loop.TestRetrievalOptimizer" name="test_log_positive_feedback" time="0.021" /><testcase classname="tests.test_feedback_loop.TestRetrievalOptimizer" name="test_log_negative_feedback" time="0.020" /><testcase classname="tests.test_feedback_loop.TestRetrievalOptimizer" name="test_weight_increases_on_approval" time="0.045" /><testcase classname="tests.test_feedback_loop.TestRetrievalOptimizer" name="test_weight_decreases_on_rejection" time="0.059" /><testcase classname="tests.test_feedback_loop.TestRetrievalOptimizer" name="test_weight_bounded_min" time="0.226" /><testcase classname="tests.test_feedback_loop.TestRetrievalOptimizer" name="test_weight_bounded_max" time="0.206" /><testcase classname="tests.test_feedback_loop.TestRetrievalOptimizer" name="test_apply_weights_to_retrieval" time="0.046" /><testcase classname="tests.test_feedback_loop.TestRetrievalOptimizer" name="test_get_downranked_chunks" time="0.034" /><testcase classname="tests.test_feedback_loop.TestRetrievalOptimizer" name="test_health_report" time="0.007" /><testcase classname="tests.test_feedback_loop.TestRetrievalOptimizer" name="test_empty_chunks_returns_zero" time="0.002" /><testcase classname="tests.test_feedback_loop.TestPromptOptimizer" name="test_check_optimization_with_data" time="0.101" /><testcase classname="tests.test_feedback_loop.TestPromptOptimizer" name="test_suggest_improvement_structure" time="0.120" /><testcase classname="tests.test_feedback_loop.TestPromptOptimizer" name="test_suggestion_logged_to_db" time="0.127" /><testcase classname="tests.test_feedback_loop.TestPromptOptimizer" name="test_prompt_health_report" time="0.058" /><testcase classname="tests.test_feedback_loop.TestPromptOptimizer" name="test_theme_extraction" time="0.006" /><testcase classname="tests.test_feedback_loop.TestPromptOptimizer" name="test_common_issues_detection" time="0.004" /><testcase classname="tests.test_feedback_loop.TestFeedbackIntegration" name="test_full_feedback_flow" time="0.042" /><testcase classname="tests.test_feedback_loop.TestFeedbackIntegration" name="test_approval_boosts_chunk" time="0.054" /><testcase classname="tests.test_feedback_loop.TestFeedbackIntegration" name="test_analyzer_alerts_stored" time="0.131" /><testcase classname="tests.test_fraud_models.TestFeatureEngineering" name="test_feature_cols_has_10_features" time="3.929" /><testcase classname="tests.test_fraud_models.TestFeatureEngineering" name="test_all_specified_features_present" time="0.001" /><testcase classname="tests.test_fraud_models.TestFeatureEngineering" name="test_training_data_has_all_features" time="0.124" /><testcase classname="tests.test_fraud_models.TestModelLoading" name="test_xgboost_model_exists" time="0.002" /><testcase classname="tests.test_fraud_models.TestModelLoading" name="test_random_forest_model_exists" time="0.001" /><testcase classname="tests.test_fraud_models.TestModelLoading" name="test_isolation_forest_model_exists" time="0.001" /><testcase classname="tests.test_fraud_models.TestModelLoading" name="test_autoencoder_model_exists" time="0.001" /><testcase classname="tests.test_fraud_models.TestModelLoading" name="test_lstm_model_exists" time="0.001" /><testcase classname="tests.test_fraud_models.TestModelLoading" name="test_model_count" time="0.001" /><testcase classname="tests.test_fraud_models.TestXGBoostPrediction" name="test_fraud_predict_returns_valid_dict" time="2.089" /><testcase classname="tests.test_fraud_models.TestXGBoostPrediction" name="test_fraud_probability_in_range" time="0.008" /><testcase classname="tests.test_fraud_models.TestXGBoostPrediction" name="test_risk_level_valid" time="0.007" /><testcase classname="tests.test_fraud_models.TestXGBoostPrediction" name="test_top_3_risk_factors_has_3" time="0.007" /><testcase classname="tests.test_fraud_models.TestXGBoostPrediction" name="test_risk_factor_structure" time="0.008" /><testcase classname="tests.test_fraud_models.TestRandomForestPrediction" name="test_rf_predict" time="0.200" /><testcase classname="tests.test_fraud_models.TestIsolationForestPrediction" name="test_iso_predict" time="0.045" /><testcase classname="tests.test_fraud_models.TestAutoencoderPrediction" name="test_autoencoder_loads_and_reconstructs" time="0.065" /><testcase classname="tests.test_fraud_models.TestLSTMPrediction" name="test_lstm_loads_and_predicts" time="0.066" /><testcase classname="tests.test_fraud_models.TestSHAPExplanations" name="test_shap_explanation_returns_top_3" time="3.170" /><testcase classname="tests.test_fraud_models.TestSHAPExplanations" name="test_shap_features_have_required_keys" time="0.013" /><testcase classname="tests.test_fraud_models.TestSHAPExplanations" name="test_shap_has_base_value" time="0.012" /><testcase classname="tests.test_fraud_models.TestSHAPExplanations" name="test_shap_all_features_returned" time="0.012" /><testcase classname="tests.test_fraud_models.TestFraudExplainer" name="test_fallback_explanation_generates_text" time="0.024" /><testcase classname="tests.test_fraud_models.TestFraudExplainer" name="test_explain_returns_all_fields" time="0.024" /><testcase classname="tests.test_fraud_models.TestFraudExplainer" name="test_risk_tier_classification" time="0.023" /><testcase classname="tests.test_fraud_models.TestEnsembleScoring" name="test_isolation_forest_scoring" time="0.296" /><testcase classname="tests.test_fraud_models.TestEnsembleScoring" name="test_ensemble_averages_correctly" time="0.036" /><testcase classname="tests.test_intelligence.TestSentimentAnalyzer" name="test_score_to_label_positive" time="0.005" /><testcase classname="tests.test_intelligence.TestSentimentAnalyzer" name="test_score_to_label_negative" time="0.004" /><testcase classname="tests.test_intelligence.TestSentimentAnalyzer" name="test_score_to_label_neutral" time="0.004" /><testcase classname="tests.test_intelligence.TestSentimentAnalyzer" name="test_score_to_label_boundary_positive" time="0.004" /><testcase classname="tests.test_intelligence.TestSentimentAnalyzer" name="test_score_to_label_boundary_negative" time="0.004" /><testcase classname="tests.test_intelligence.TestSentimentAnalyzer" name="test_batch_process_interactions" time="0.597" /><testcase classname="tests.test_intelligence.TestSentimentAnalyzer" name="test_batch_process_support_tickets" time="0.389" /><testcase classname="tests.test_intelligence.TestSentimentAnalyzer" name="test_batch_process_complaints" time="0.159" /><testcase classname="tests.test_intelligence.TestSentimentAnalyzer" name="test_batch_process_chat_transcripts" time="0.084" /><testcase classname="tests.test_intelligence.TestSentimentAnalyzer" name="test_batch_analyze_all" time="1.401" /><testcase classname="tests.test_intelligence.TestSentimentAnalyzer" name="test_monthly_trend_structure" time="1.234" /><testcase classname="tests.test_intelligence.TestSentimentAnalyzer" name="test_monthly_trend_scores_in_range" time="1.301" /><testcase classname="tests.test_intelligence.TestSentimentAnalyzer" name="test_customer_sentiment_summary" time="1.417" /><testcase classname="tests.test_intelligence.TestAlertDetection" name="test_detect_declining_returns_list" time="3.152" /><testcase classname="tests.test_intelligence.TestAlertDetection" name="test_flagged_customer_structure" time="3.088" /><testcase classname="tests.test_intelligence.TestAlertDetection" name="test_generate_alerts" time="3.098" /><testcase classname="tests.test_intelligence.TestRiskProfiler" name="test_profile_structure" time="0.032" /><testcase classname="tests.test_intelligence.TestRiskProfiler" name="test_risk_level_valid" time="0.027" /><testcase classname="tests.test_intelligence.TestRiskProfiler" name="test_sentiment_valid" time="0.028" /><testcase classname="tests.test_intelligence.TestRiskProfiler" name="test_fraud_risk_valid" time="0.025" /><testcase classname="tests.test_intelligence.TestRiskProfiler" name="test_retention_probability_range" time="0.024" /><testcase classname="tests.test_intelligence.TestRiskProfiler" name="test_risk_factors_is_list" time="0.027" /><testcase classname="tests.test_intelligence.TestRiskProfiler" name="test_invalid_customer" time="0.006" /><testcase classname="tests.test_intelligence.TestRiskProfiler" name="test_batch_profile" time="0.104" /><testcase classname="tests.test_intelligence.TestRetentionModel" name="test_train_retention_model" time="0.072" /><testcase classname="tests.test_intelligence.TestRetentionModel" name="test_predict_after_training" time="0.072" /><testcase classname="tests.test_intelligence.TestRetentionModel" name="test_feature_coefficients_complete" time="0.050" /><testcase classname="tests.test_intelligence.TestRetentionModel" name="test_model_saved_to_disk" time="0.052" /><testcase classname="tests.test_intelligence.TestProductRecommender" name="test_returns_list" time="0.017" /><testcase classname="tests.test_intelligence.TestProductRecommender" name="test_max_three_recommendations" time="0.016" /><testcase classname="tests.test_intelligence.TestProductRecommender" name="test_recommendation_structure" time="0.017" /><testcase classname="tests.test_intelligence.TestProductRecommender" name="test_confidence_in_range" time="0.015" /><testcase classname="tests.test_intelligence.TestProductRecommender" name="test_sorted_by_confidence" time="0.014" /><testcase classname="tests.test_intelligence.TestProductRecommender" name="test_reason_is_nonempty_string" time="0.015" /><testcase classname="tests.test_intelligence.TestProductRecommender" name="test_invalid_customer_empty_list" time="0.005" /><testcase classname="tests.test_intelligence.TestProductRecommender" name="test_multiple_customers_get_recs" time="0.099" /><testcase classname="tests.test_intelligence.TestProductRecommender" name="test_no_duplicate_products" time="0.052" /><testcase classname="tests.test_intelligence.TestIntegration" name="test_customer_context_includes_risk_profile" time="1.600" /><testcase classname="tests.test_intelligence.TestIntegration" name="test_customer_context_includes_recommendations" time="1.636" /><testcase classname="tests.test_intelligence.TestIntegration" name="test_formatted_context_includes_risk" time="1.546" /><testcase classname="tests.test_intelligence.TestIntegration" name="test_formatted_context_includes_recommendations" time="1.558" /><testcase classname="tests.test_llm_router.TestRouterConfiguration" name="test_all_5_task_types_mapped" time="0.001" /><testcase classname="tests.test_llm_router.TestRouterConfiguration" name="test_model_map_has_valid_models" time="0.001" /><testcase classname="tests.test_llm_router.TestRouterConfiguration" name="test_fallback_chain_exists" time="0.001" /><testcase classname="tests.test_llm_router.TestRouterConfiguration" name="test_token_costs_defined" time="0.001" /><testcase classname="tests.test_llm_router.TestRouterConfiguration" name="test_retry_configuration" time="0.001" /><testcase classname="tests.test_llm_router.TestTokenCostLogger" name="test_ensure_table_creates_llm_usage" time="0.006" /><testcase classname="tests.test_llm_router.TestTokenCostLogger" name="test_log_usage_writes_record" time="0.030" /><testcase classname="tests.test_llm_router.TestTokenCostLogger" name="test_cost_calculation" time="0.029" /><testcase classname="tests.test_llm_router.TestRouteFunction" name="test_route_all_5_task_types[summarization]" time="0.015" /><testcase classname="tests.test_llm_router.TestRouteFunction" name="test_route_all_5_task_types[fraud_reasoning]" time="0.012" /><testcase classname="tests.test_llm_router.TestRouteFunction" name="test_route_all_5_task_types[compliance]" time="0.013" /><testcase classname="tests.test_llm_router.TestRouteFunction" name="test_route_all_5_task_types[sensitive]" time="0.011" /><testcase classname="tests.test_llm_router.TestRouteFunction" name="test_route_all_5_task_types[lookup]" time="0.011" /><testcase classname="tests.test_llm_router.TestRouteFunction" name="test_route_returns_correct_model" time="0.009" /><testcase classname="tests.test_llm_router.TestRouteFunction" name="test_route_unknown_task_falls_back_to_general" time="0.010" /><testcase classname="tests.test_llm_router.TestRouteFunction" name="test_retry_on_failure" time="0.010" /><testcase classname="tests.test_llm_router.TestRouteFunction" name="test_fallback_chain_on_total_failure" time="0.010" /><testcase classname="tests.test_llm_router.TestRouteFunction" name="test_route_logs_usage_to_db" time="0.014" /><testcase classname="tests.test_llm_router.TestUsageSummary" name="test_usage_summary_returns_dict" time="0.016" /><testcase classname="tests.test_llm_router.TestUsageSummary" name="test_usage_summary_with_data" time="0.039" /><testcase classname="tests.test_prompt_templates.TestFraudAnalysisPrompts" name="test_fraud_explanation_prompt_structure[High-risk: large amount, new device, geo mismatch,]" time="0.001" /><testcase classname="tests.test_prompt_templates.TestFraudAnalysisPrompts" name="test_fraud_explanation_prompt_structure[Medium-risk: moderate amount, unusual hour]" time="0.001" /><testcase classname="tests.test_prompt_templates.TestFraudAnalysisPrompts" name="test_fraud_explanation_prompt_structure[Low-risk: normal transaction]" time="0.001" /><testcase classname="tests.test_prompt_templates.TestFraudAnalysisPrompts" name="test_fraud_explanation_prompt_structure[Suspicious velocity: many transactions in short wi]" time="0.001" /><testcase classname="tests.test_prompt_templates.TestFraudAnalysisPrompts" name="test_fraud_explanation_prompt_structure[New account with large first purchase]" time="0.001" /><testcase classname="tests.test_prompt_templates.TestFraudAnalysisPrompts" name="test_fraud_explanation_with_customer_context[High-risk: large amount, new device, geo mismatch,]" time="0.001" /><testcase classname="tests.test_prompt_templates.TestFraudAnalysisPrompts" name="test_fraud_explanation_with_customer_context[Medium-risk: moderate amount, unusual hour]" time="0.001" /><testcase classname="tests.test_prompt_templates.TestFraudAnalysisPrompts" name="test_fraud_explanation_with_customer_context[Low-risk: normal transaction]" time="0.001" /><testcase classname="tests.test_prompt_templates.TestFraudAnalysisPrompts" name="test_fraud_explanation_with_customer_context[Suspicious velocity: many transactions in short wi]" time="0.001" /><testcase classname="tests.test_prompt_templates.TestFraudAnalysisPrompts" name="test_fraud_explanation_with_customer_context[New account with large first purchase]" time="0.001" /><testcase classname="tests.test_prompt_templates.TestFraudAnalysisPrompts" name="test_batch_summary_prompt" time="0.001" /><testcase classname="tests.test_prompt_templates.TestCustomerSummaryPrompts" name="test_customer_brief_prompt_structure[Name: John Smith]" time="0.001" /><testcase classname="tests.test_prompt_templates.TestCustomerSummaryPrompts" name="test_customer_brief_prompt_structure[Name: Maria Garcia]" time="0.001" /><testcase classname="tests.test_prompt_templates.TestCustomerSummaryPrompts" name="test_customer_brief_prompt_structure[Name: James Wilson]" time="0.001" /><testcase classname="tests.test_prompt_templates.TestCustomerSummaryPrompts" name="test_customer_brief_prompt_structure[Name: Sarah Chen]" time="0.001" /><testcase classname="tests.test_prompt_templates.TestCustomerSummaryPrompts" name="test_customer_brief_prompt_structure[Name: Robert Johnson]" time="0.001" /><testcase classname="tests.test_prompt_templates.TestCustomerSummaryPrompts" name="test_customer_risk_prompt_structure[Name: John Smith]" time="0.001" /><testcase classname="tests.test_prompt_templates.TestCustomerSummaryPrompts" name="test_customer_risk_prompt_structure[Name: Maria Garcia]" time="0.001" /><testcase classname="tests.test_prompt_templates.TestCustomerSummaryPrompts" name="test_customer_risk_prompt_structure[Name: James Wilson]" time="0.001" /><testcase classname="tests.test_prompt_templates.TestCustomerSummaryPrompts" name="test_customer_risk_prompt_structure[Name: Sarah Chen]" time="0.001" /><testcase classname="tests.test_prompt_templates.TestCustomerSummaryPrompts" name="test_customer_risk_prompt_structure[Name: Robert Johnson]" time="0.001" /><testcase classname="tests.test_prompt_templates.TestCustomerSummaryPrompts" name="test_customer_360_prompt_structure[Name: John Smith]" time="0.001" /><testcase classname="tests.test_prompt_templates.TestCustomerSummaryPrompts" name="test_customer_360_prompt_structure[Name: Maria Garcia]" time="0.001" /><testcase classname="tests.test_prompt_templates.TestCustomerSummaryPrompts" name="test_customer_360_prompt_structure[Name: James Wilson]" time="0.001" /><testcase classname="tests.test_prompt_templates.TestCustomerSummaryPrompts" name="test_customer_360_prompt_structure[Name: Sarah Chen]" time="0.001" /><testcase classname="tests.test_prompt_templates.TestCustomerSummaryPrompts" name="test_customer_360_prompt_structure[Name: Robert Johnson]" time="0.001" /><testcase classname="tests.test_prompt_templates.TestBankingCompliancePrompts" name="test_compliance_extraction_prompt_structure[What is the CTR filing threshold for cash deposits]" time="0.001" /><testcase classname="tests.test_prompt_templates.TestBankingCompliancePrompts" name="test_compliance_extraction_prompt_structure[What KYC documents are required for a business acc]" time="0.001" /><testcase classname="tests.test_prompt_templates.TestBankingCompliancePrompts" name="test_compliance_extraction_prompt_structure[What are the wire transfer limits for personal acc]" time="0.001" /><testcase classname="tests.test_prompt_templates.TestBankingCompliancePrompts" name="test_compliance_extraction_prompt_structure[When must a SAR be filed?]" time="0.001" /><testcase classname="tests.test_prompt_templates.TestBankingCompliancePrompts" name="test_compliance_extraction_prompt_structure[What are the OFAC screening requirements?]" time="0.001" /><testcase classname="tests.test_prompt_templates.TestBankingCompliancePrompts" name="test_regulatory_check_prompt_structure[What is the CTR filing threshold for cash deposits]" time="0.001" /><testcase classname="tests.test_prompt_templates.TestBankingCompliancePrompts" name="test_regulatory_check_prompt_structure[What KYC documents are required for a business acc]" time="0.001" /><testcase classname="tests.test_prompt_templates.TestBankingCompliancePrompts" name="test_regulatory_check_prompt_structure[What are the wire transfer limits for personal acc]" time="0.001" /><testcase classname="tests.test_prompt_templates.TestBankingCompliancePrompts" name="test_regulatory_check_prompt_structure[When must a SAR be filed?]" time="0.001" /><testcase classname="tests.test_prompt_templates.TestBankingCompliancePrompts" name="test_regulatory_check_prompt_structure[What are the OFAC screening requirements?]" time="0.001" /><testcase classname="tests.test_prompt_templates.TestSentimentAnalysisPrompts" name="test_sentiment_classification_prompt_structure[I've been waiting 3 weeks for my replace]" time="0.001" /><testcase classname="tests.test_prompt_templates.TestSentimentAnalysisPrompts" name="test_sentiment_classification_prompt_structure[Thank you so much for resolving my issue]" time="0.001" /><testcase classname="tests.test_prompt_templates.TestSentimentAnalysisPrompts" name="test_sentiment_classification_prompt_structure[I want to close my account. Your fees ar]" time="0.001" /><testcase classname="tests.test_prompt_templates.TestSentimentAnalysisPrompts" name="test_sentiment_classification_prompt_structure[Can you tell me about your savings accou]" time="0.001" /><testcase classname="tests.test_prompt_templates.TestSentimentAnalysisPrompts" name="test_sentiment_classification_prompt_structure[The branch manager personally called me ]" time="0.001" /><testcase classname="tests.test_prompt_templates.TestSentimentAnalysisPrompts" name="test_batch_sentiment_prompt" time="0.001" /><testcase classname="tests.test_prompt_templates.TestSentimentAnalysisPrompts" name="test_sentiment_trend_prompt" time="0.001" /><testcase classname="tests.test_prompt_templates.TestPromptConsistency" name="test_all_prompts_are_strings" time="0.001" /><testcase classname="tests.test_prompt_templates.TestPromptConsistency" name="test_all_prompts_mention_citizens_bank" time="0.001" /><testcase classname="tests.test_rag_system.TestEmbeddings" name="test_get_embeddings_returns_object" time="1.377" /><testcase classname="tests.test_rag_system.TestEmbeddings" name="test_embedding_dimension" time="0.001" /><testcase classname="tests.test_rag_system.TestEmbeddings" name="test_embed_query" time="1.458" /><testcase classname="tests.test_rag_system.TestChunker" name="test_section_detection_markdown" time="0.001" /><testcase classname="tests.test_rag_system.TestChunker" name="test_section_detection_numbered" time="0.001" /><testcase classname="tests.test_rag_system.TestChunker" name="test_chunk_documents_output" time="0.003" /><testcase classname="tests.test_rag_system.TestVectorStore" name="test_vector_store_initialized" time="1.347" /><testcase classname="tests.test_rag_system.TestVectorStore" name="test_similarity_search_returns_results" time="1.544" /><testcase classname="tests.test_rag_system.TestVectorStore" name="test_search_metadata_has_source" time="1.387" /><testcase classname="tests.test_rag_system.TestBankingQuestions" name="test_retrieval_returns_relevant_sources[What is the AML policy for large cash deposits?]" time="1.465" /><testcase classname="tests.test_rag_system.TestBankingQuestions" name="test_retrieval_returns_relevant_sources[What are the KYC requirements for new business acc]" time="1.419" /><testcase classname="tests.test_rag_system.TestBankingQuestions" name="test_retrieval_returns_relevant_sources[What credit score is needed for a premium credit c]" time="1.380" /><testcase classname="tests.test_rag_system.TestBankingQuestions" name="test_retrieval_returns_relevant_sources[What are the wire transfer limits and fees?]" time="1.423" /><testcase classname="tests.test_rag_system.TestBankingQuestions" name="test_retrieval_returns_relevant_sources[Explain the mortgage pre-approval process.]" time="1.622" /><testcase classname="tests.test_rag_system.TestBankingQuestions" name="test_retrieval_returns_relevant_sources[What savings account options do you offer?]" time="1.384" /><testcase classname="tests.test_rag_system.TestBankingQuestions" name="test_retrieval_returns_relevant_sources[What are the fees for international transactions?]" time="1.566" /><testcase classname="tests.test_rag_system.TestBankingQuestions" name="test_retrieval_returns_relevant_sources[How does the mobile banking app work?]" time="1.451" /><testcase classname="tests.test_rag_system.TestBankingQuestions" name="test_retrieval_returns_relevant_sources[What are the loan interest rates?]" time="1.530" /><testcase classname="tests.test_rag_system.TestBankingQuestions" name="test_retrieval_returns_relevant_sources[What wealth management services are available?]" time="1.437" /><testcase classname="tests.test_rag_system.TestBankingQuestions" name="test_all_questions_have_content" time="14.624" /><testcase classname="tests.test_rag_system.TestCustomerRetrieval" name="test_customer_filtered_search" time="1.629" /><testcase classname="tests.test_session_memory.TestSessionMemoryCRUD" name="test_create_session" time="0.023" /><testcase classname="tests.test_session_memory.TestSessionMemoryCRUD" name="test_append_and_retrieve" time="0.044" /><testcase classname="tests.test_session_memory.TestSessionMemoryCRUD" name="test_last_n_history" time="0.081" /><testcase classname="tests.test_session_memory.TestSessionMemoryCRUD" name="test_store_feedback" time="0.030" /><testcase classname="tests.test_session_memory.TestSessionMemoryCRUD" name="test_list_sessions" time="0.027" /><testcase classname="tests.test_session_memory.TestSessionMemoryCRUD" name="test_delete_session" time="0.015" /><testcase classname="tests.test_session_memory.TestSessionMemoryCRUD" name="test_get_session_info" time="0.020" /><testcase classname="tests.test_session_memory.TestMemoryPersistence" name="test_persistence_across_instances" time="0.027" /><testcase classname="tests.test_session_memory.TestMemoryPersistence" name="test_module_singleton_persistence" time="0.014" /><testcase classname="tests.test_session_memory.TestMemoryPersistence" name="test_concurrent_sessions_isolated" time="0.023" /><testcase classname="tests.test_session_memory.TestMemoryPersistence" name="test_data_in_sqlite_not_memory" time="0.022" /><testcase classname="tests.test_trust_scorer.TestNormalization" name="test_account_age_new" time="0.005" /><testcase classname="tests.test_trust_scorer.TestNormalization" name="test_account_age_old" time="0.002" /><testcase classname="tests.test_trust_scorer.TestNormalization" name="test_account_age_mid" time="0.002" /><testcase classname="tests.test_trust_scorer.TestNormalization" name="test_credit_score_minimum" time="0.002" /><testcase classname="tests.test_trust_scorer.TestNormalization" name="test_credit_score_maximum" time="0.002" /><testcase classname="tests.test_trust_scorer.TestNormalization" name="test_credit_score_below_range" time="0.002" /><testcase classname="tests.test_trust_scorer.TestNormalization" name="test_fraud_history_clean" time="0.002" /><testcase classname="tests.test_trust_scorer.TestNormalization" name="test_fraud_history_one" time="0.003" /><testcase classname="tests.test_trust_scorer.TestNormalization" name="test_fraud_history_many" time="0.002" /><testcase classname="tests.test_trust_scorer.TestNormalization" name="test_fraud_history_excessive" time="0.002" /><testcase classname="tests.test_trust_scorer.TestNormalization" name="test_sentiment_positive" time="0.002" /><testcase classname="tests.test_trust_scorer.TestNormalization" name="test_sentiment_negative" time="0.002" /><testcase classname="tests.test_trust_scorer.TestNormalization" name="test_sentiment_neutral" time="0.002" /><testcase classname="tests.test_trust_scorer.TestNormalization" name="test_interaction_count_zero" time="0.002" /><testcase classname="tests.test_trust_scorer.TestNormalization" name="test_interaction_count_max" time="0.002" /><testcase classname="tests.test_trust_scorer.TestWeights" name="test_weights_sum" time="0.001" /><testcase classname="tests.test_trust_scorer.TestWeights" name="test_weights_positive" time="0.000" /><testcase classname="tests.test_trust_scorer.TestTierMapping" name="test_tier_high_risk_low" time="0.002" /><testcase classname="tests.test_trust_scorer.TestTierMapping" name="test_tier_high_risk_boundary" time="0.002" /><testcase classname="tests.test_trust_scorer.TestTierMapping" name="test_tier_moderate_low" time="0.002" /><testcase classname="tests.test_trust_scorer.TestTierMapping" name="test_tier_moderate_high" time="0.002" /><testcase classname="tests.test_trust_scorer.TestTierMapping" name="test_tier_trusted_low" time="0.002" /><testcase classname="tests.test_trust_scorer.TestTierMapping" name="test_tier_trusted_high" time="0.002" /><testcase classname="tests.test_trust_scorer.TestCalculate" name="test_valid_customer" time="0.022" /><testcase classname="tests.test_trust_scorer.TestCalculate" name="test_invalid_customer" time="0.011" /><testcase classname="tests.test_trust_scorer.TestCalculate" name="test_score_stored_in_history" time="0.027" /><testcase classname="tests.test_trust_scorer.TestCalculate" name="test_components_present" time="0.484" /><testcase classname="tests.test_trust_scorer.TestUpdateOnEvent" name="test_event_recalculates" time="0.026" /><testcase classname="tests.test_trust_scorer.TestUpdateOnEvent" name="test_event_missing_customer" time="0.005" /></testsuite></testsuites>